Turbo Assembler	 Version 4.1	    02/12/20 01:14:36	    Page 1
ascii.asm



      1	0000			     .model tiny
      2
      3	0000			     .code
      4				     org 100h
      5
      6	0100  B3 00		     Start:	     mov bl, 0
      7	0102  B9 0001				     mov cx, 1
      8	0105  B4 0E				     mov ah, 0eh
      9
     10	0107  8A C3		     Cycle:	     mov al, bl
     11	0109  CD 10				     int 10h
     12	010B  43				     inc bx
     13	010C  80 FB 00				     cmp bl, 0
     14	010F  74 02				     je	EndCycle
     15	0111  EB F4				     jmp Cycle
     16
     17	0113  CD 20		     EndCycle:	     int 20h
     18
     19				     end Start
Turbo Assembler	 Version 4.1	    02/12/20 01:14:36	    Page 2
Symbol Table




Symbol Name			  Type	 Value

??DATE				  Text	 "02/12/20"
??FILENAME			  Text	 "ascii	  "
??TIME				  Text	 "01:14:36"
??VERSION			  Number 040A
@32BIT				  Text	 0
@CODE				  Text	 DGROUP
@CODESIZE			  Text	 0
@CPU				  Text	 0101H
@CURSEG				  Text	 _TEXT
@DATA				  Text	 DGROUP
@DATASIZE			  Text	 0
@FILENAME			  Text	 ASCII
@INTERFACE			  Text	 000H
@MODEL				  Text	 1
@STACK				  Text	 DGROUP
@WORDSIZE			  Text	 2
CYCLE				  Near	 DGROUP:0107
ENDCYCLE			  Near	 DGROUP:0113
START				  Near	 DGROUP:0100

Groups & Segments		  Bit Size Align  Combine Class

DGROUP				  Group
  _DATA				  16  0000 Word	  Public  DATA
  _TEXT				  16  0115 Word	  Public  CODE
